// Jest Snapshot v1, https://goo.gl/fbAQLP

exports[`GameButton should render correctly 1`] = `
<View
  collapsable={true}
  pointerEvents="box-none"
  style={
    Object {
      "flex": 1,
    }
  }
>
  <
    style={
      Object {
        "alignItems": "center",
        "backgroundColor": "#01A9F2",
        "borderColor": "#0187D0",
        "borderRadius": 4,
        "borderWidth": 1,
        "flex": 1,
        "justifyContent": "center",
        "maxHeight": 80,
        "width": 140,
      }
    }
    underlayColor="#0288D1"
  >
    <Text
      style={
        Object {
          "alignSelf": "center",
          "color": "white",
          "fontSize": 20,
          "fontWeight": "600",
        }
      }
    />
  </>
</View>
`;
